------------------------------------------------------------
Timing Analyzer Summary
------------------------------------------------------------

Type  : Slow 1100mV 85C Model Setup 'recop:recop|control_unit:impl_control_unit|alu_operation_signal[0]'
Slack : -13.284
TNS   : -159.322

Type  : Slow 1100mV 85C Model Setup 'CLOCK_50'
Slack : -8.551
TNS   : -7645.538

Type  : Slow 1100mV 85C Model Hold 'CLOCK_50'
Slack : -0.138
TNS   : -0.138

Type  : Slow 1100mV 85C Model Hold 'recop:recop|control_unit:impl_control_unit|alu_operation_signal[0]'
Slack : 0.088
TNS   : 0.000

Type  : Slow 1100mV 85C Model Minimum Pulse Width 'CLOCK_50'
Slack : -2.225
TNS   : -5438.428

Type  : Slow 1100mV 85C Model Minimum Pulse Width 'recop:recop|control_unit:impl_control_unit|alu_operation_signal[0]'
Slack : 0.267
TNS   : 0.000

Type  : Slow 1100mV 0C Model Setup 'recop:recop|control_unit:impl_control_unit|alu_operation_signal[0]'
Slack : -12.983
TNS   : -159.007

Type  : Slow 1100mV 0C Model Setup 'CLOCK_50'
Slack : -8.607
TNS   : -7442.227

Type  : Slow 1100mV 0C Model Hold 'CLOCK_50'
Slack : -0.236
TNS   : -0.275

Type  : Slow 1100mV 0C Model Hold 'recop:recop|control_unit:impl_control_unit|alu_operation_signal[0]'
Slack : 0.055
TNS   : 0.000

Type  : Slow 1100mV 0C Model Minimum Pulse Width 'CLOCK_50'
Slack : -2.225
TNS   : -5484.079

Type  : Slow 1100mV 0C Model Minimum Pulse Width 'recop:recop|control_unit:impl_control_unit|alu_operation_signal[0]'
Slack : 0.257
TNS   : 0.000

Type  : Fast 1100mV 85C Model Setup 'recop:recop|control_unit:impl_control_unit|alu_operation_signal[0]'
Slack : -8.133
TNS   : -89.288

Type  : Fast 1100mV 85C Model Setup 'CLOCK_50'
Slack : -4.862
TNS   : -3942.768

Type  : Fast 1100mV 85C Model Hold 'recop:recop|control_unit:impl_control_unit|alu_operation_signal[0]'
Slack : -0.017
TNS   : -0.017

Type  : Fast 1100mV 85C Model Hold 'CLOCK_50'
Slack : 0.135
TNS   : 0.000

Type  : Fast 1100mV 85C Model Minimum Pulse Width 'CLOCK_50'
Slack : -2.174
TNS   : -4913.719

Type  : Fast 1100mV 85C Model Minimum Pulse Width 'recop:recop|control_unit:impl_control_unit|alu_operation_signal[0]'
Slack : 0.348
TNS   : 0.000

Type  : Fast 1100mV 0C Model Setup 'recop:recop|control_unit:impl_control_unit|alu_operation_signal[0]'
Slack : -7.279
TNS   : -82.053

Type  : Fast 1100mV 0C Model Setup 'CLOCK_50'
Slack : -4.244
TNS   : -3376.149

Type  : Fast 1100mV 0C Model Hold 'recop:recop|control_unit:impl_control_unit|alu_operation_signal[0]'
Slack : 0.033
TNS   : 0.000

Type  : Fast 1100mV 0C Model Hold 'CLOCK_50'
Slack : 0.089
TNS   : 0.000

Type  : Fast 1100mV 0C Model Minimum Pulse Width 'CLOCK_50'
Slack : -2.174
TNS   : -4915.966

Type  : Fast 1100mV 0C Model Minimum Pulse Width 'recop:recop|control_unit:impl_control_unit|alu_operation_signal[0]'
Slack : 0.352
TNS   : 0.000

------------------------------------------------------------
