------------------------------------------------------------
Timing Analyzer Summary
------------------------------------------------------------

Type  : Slow 1100mV 85C Model Setup 'CLOCK_50'
Slack : -8.522
TNS   : -2006.689

Type  : Slow 1100mV 85C Model Hold 'CLOCK_50'
Slack : 0.289
TNS   : 0.000

Type  : Slow 1100mV 85C Model Minimum Pulse Width 'CLOCK_50'
Slack : -2.174
TNS   : -706.008

Type  : Slow 1100mV 0C Model Setup 'CLOCK_50'
Slack : -8.478
TNS   : -1992.252

Type  : Slow 1100mV 0C Model Hold 'CLOCK_50'
Slack : 0.268
TNS   : 0.000

Type  : Slow 1100mV 0C Model Minimum Pulse Width 'CLOCK_50'
Slack : -2.174
TNS   : -727.389

Type  : Fast 1100mV 85C Model Setup 'CLOCK_50'
Slack : -4.487
TNS   : -1012.044

Type  : Fast 1100mV 85C Model Hold 'CLOCK_50'
Slack : 0.175
TNS   : 0.000

Type  : Fast 1100mV 85C Model Minimum Pulse Width 'CLOCK_50'
Slack : -2.174
TNS   : -537.959

Type  : Fast 1100mV 0C Model Setup 'CLOCK_50'
Slack : -4.064
TNS   : -911.534

Type  : Fast 1100mV 0C Model Hold 'CLOCK_50'
Slack : 0.155
TNS   : 0.000

Type  : Fast 1100mV 0C Model Minimum Pulse Width 'CLOCK_50'
Slack : -2.174
TNS   : -538.565

------------------------------------------------------------
